data.tls_certificate.github: Reading...
random_password.session_secret: Refreshing state... [id=none]
random_password.internal_token: Refreshing state... [id=none]
random_password.origin_token: Refreshing state... [id=none]
random_password.db: Refreshing state... [id=none]
data.aws_availability_zones.available: Reading...
data.aws_caller_identity.current: Reading...
aws_cloudwatch_log_group.apigw: Refreshing state... [id=/sentellent/apigateway]
aws_cloudwatch_log_group.app: Refreshing state... [id=/sentellent/app]
aws_vpc.main: Refreshing state... [id=vpc-0e5d3f6a453d96c70]
aws_iam_role.app: Refreshing state... [id=sentellent-app-role]
aws_ecr_repository.api: Refreshing state... [id=sentellent-api]
aws_sns_topic.alerts: Refreshing state... [id=arn:aws:sns:ap-south-1:312392183049:sentellent-alerts]
data.aws_caller_identity.current: Read complete after 0s [id=312392183049]
data.aws_ssm_parameter.al2023_ami: Reading...
data.aws_ssm_parameter.al2023_ami: Read complete after 0s [id=/aws/service/ami-amazon-linux-latest/al2023-ami-kernel-default-x86_64]
aws_apigatewayv2_api.main: Refreshing state... [id=rnfl1abgkf]
data.aws_availability_zones.available: Read complete after 0s [id=ap-south-1]
aws_ssm_parameter.app_env["GOOGLE_CLIENT_ID"]: Refreshing state... [id=/sentellent/GOOGLE_CLIENT_ID]
aws_ssm_parameter.app_env["POSTGRES_PASSWORD"]: Refreshing state... [id=/sentellent/POSTGRES_PASSWORD]
aws_ssm_parameter.app_env["GOOGLE_CLIENT_SECRET"]: Refreshing state... [id=/sentellent/GOOGLE_CLIENT_SECRET]
aws_ssm_parameter.app_env["SESSION_SECRET"]: Refreshing state... [id=/sentellent/SESSION_SECRET]
aws_ssm_parameter.app_env["GOOGLE_API_KEY"]: Refreshing state... [id=/sentellent/GOOGLE_API_KEY]
aws_ssm_parameter.app_env["DATABASE_URL"]: Refreshing state... [id=/sentellent/DATABASE_URL]
aws_ssm_parameter.app_env["INTERNAL_REFRESH_TOKEN"]: Refreshing state... [id=/sentellent/INTERNAL_REFRESH_TOKEN]
aws_s3_bucket.frontend: Refreshing state... [id=sentellent-frontend-312392183049]
aws_sns_topic_subscription.email: Refreshing state... [id=arn:aws:sns:ap-south-1:312392183049:sentellent-alerts:1876826a-5ea0-4527-b11e-490632629b47]
aws_ecr_lifecycle_policy.api: Refreshing state... [id=sentellent-api]
aws_apigatewayv2_stage.default: Refreshing state... [id=$default]
data.tls_certificate.github: Read complete after 1s [id=f14a3ee4f847b00a69e565d9b60917218c94d428]
aws_iam_openid_connect_provider.github: Refreshing state... [id=arn:aws:iam::312392183049:oidc-provider/token.actions.githubusercontent.com]
aws_internet_gateway.main: Refreshing state... [id=igw-0b16f9f0c30efaa0b]
aws_subnet.public: Refreshing state... [id=subnet-0a8d4c9898d4c4562]
aws_security_group.app: Refreshing state... [id=sg-0a570feeadcfad6ee]
aws_sns_topic.billing_alerts: Refreshing state... [id=arn:aws:sns:us-east-1:312392183049:sentellent-billing-alerts]
aws_route_table.public: Refreshing state... [id=rtb-0fd88df16e3a01358]
aws_route_table_association.public: Refreshing state... [id=rtbassoc-0218a899b2c25a2a8]
aws_s3_bucket_public_access_block.frontend: Refreshing state... [id=sentellent-frontend-312392183049]
aws_s3_bucket_versioning.frontend: Refreshing state... [id=sentellent-frontend-312392183049]
aws_s3_bucket_server_side_encryption_configuration.frontend: Refreshing state... [id=sentellent-frontend-312392183049]
aws_iam_role.github_actions: Refreshing state... [id=sentellent-github-actions]
aws_sns_topic_subscription.billing_email: Refreshing state... [id=arn:aws:sns:us-east-1:312392183049:sentellent-billing-alerts:f01a0415-fad5-4b03-b463-ac2445c3264c]
aws_cloudwatch_metric_alarm.billing: Refreshing state... [id=sentellent-estimated-charges]
aws_iam_role_policy_attachment.ssm_core: Refreshing state... [id=sentellent-app-role-20260731110504145500000001]
aws_iam_role_policy.app: Refreshing state... [id=sentellent-app-role:sentellent-app-policy]
aws_iam_instance_profile.app: Refreshing state... [id=sentellent-app-profile]
aws_instance.app: Refreshing state... [id=i-057eefbef28571559]
aws_eip.app: Refreshing state... [id=eipalloc-028b5f8e0adcd2d98]
aws_cloudwatch_metric_alarm.instance_health: Refreshing state... [id=sentellent-instance-unhealthy]
aws_iam_role_policy.github_actions: Refreshing state... [id=sentellent-github-actions:sentellent-github-actions-policy]
aws_apigatewayv2_integration.app: Refreshing state... [id=oyo9akg]
aws_ssm_parameter.app_config["ENVIRONMENT"]: Refreshing state... [id=/sentellent/ENVIRONMENT]
aws_ssm_parameter.app_config["LLM_PROVIDER"]: Refreshing state... [id=/sentellent/LLM_PROVIDER]
aws_ssm_parameter.app_config["OAUTH_REDIRECT_URI"]: Refreshing state... [id=/sentellent/OAUTH_REDIRECT_URI]
aws_ssm_parameter.app_config["EMBEDDING_PROVIDER"]: Refreshing state... [id=/sentellent/EMBEDDING_PROVIDER]
aws_ssm_parameter.app_config["FRONTEND_BASE_URL"]: Refreshing state... [id=/sentellent/FRONTEND_BASE_URL]
aws_ssm_parameter.app_config["EMBEDDING_MODEL"]: Refreshing state... [id=/sentellent/EMBEDDING_MODEL]
aws_ssm_parameter.app_config["LLM_MODEL"]: Refreshing state... [id=/sentellent/LLM_MODEL]
aws_apigatewayv2_route.default: Refreshing state... [id=yfx21x8]

Terraform used the selected providers to generate the following execution
plan. Resource actions are indicated with the following symbols:
  ~ update in-place
-/+ destroy and then create replacement

Terraform will perform the following actions:

  # aws_cloudwatch_metric_alarm.instance_health will be updated in-place
  ~ resource "aws_cloudwatch_metric_alarm" "instance_health" {
      ~ dimensions                            = {
          - "InstanceId" = "i-057eefbef28571559"
        } -> (known after apply)
        id                                    = "sentellent-instance-unhealthy"
        tags                                  = {}
        # (21 unchanged attributes hidden)
    }

  # aws_eip.app will be updated in-place
  ~ resource "aws_eip" "app" {
        id                       = "eipalloc-028b5f8e0adcd2d98"
      ~ instance                 = "i-057eefbef28571559" -> (known after apply)
        tags                     = {
            "Name" = "sentellent-eip"
        }
        # (17 unchanged attributes hidden)
    }

  # aws_iam_role_policy.app will be updated in-place
  ~ resource "aws_iam_role_policy" "app" {
        id          = "sentellent-app-role:sentellent-app-policy"
        name        = "sentellent-app-policy"
      ~ policy      = jsonencode(
          ~ {
              ~ Statement = [
                    {
                        Action   = [
                            "ecr:GetAuthorizationToken",
                            "ecr:BatchCheckLayerAvailability",
                            "ecr:GetDownloadUrlForLayer",
                            "ecr:BatchGetImage",
                        ]
                        Effect   = "Allow"
                        Resource = "*"
                        Sid      = "PullApplicationImage"
                    },
                  ~ {
                      ~ Resource = "arn:aws:ssm:ap-south-1:312392183049:parameter/sentellent/*" -> [
                          + "arn:aws:ssm:ap-south-1:312392183049:parameter/sentellent",
                          + "arn:aws:ssm:ap-south-1:312392183049:parameter/sentellent/*",
                        ]
                        # (3 unchanged attributes hidden)
                    },
                    {
                        Action   = [
                            "logs:CreateLogStream",
                            "logs:PutLogEvents",
                            "logs:DescribeLogStreams",
                        ]
                        Effect   = "Allow"
                        Resource = "arn:aws:logs:ap-south-1:312392183049:log-group:/sentellent/app:*"
                        Sid      = "WriteLogs"
                    },
                    # (1 unchanged element hidden)
                ]
                # (1 unchanged attribute hidden)
            }
        )
        # (2 unchanged attributes hidden)
    }

  # aws_iam_role_policy.github_actions will be updated in-place
  ~ resource "aws_iam_role_policy" "github_actions" {
        id          = "sentellent-github-actions:sentellent-github-actions-policy"
        name        = "sentellent-github-actions-policy"
      ~ policy      = jsonencode(
            {
              - Statement = [
                  - {
                      - Action   = "ecr:GetAuthorizationToken"
                      - Effect   = "Allow"
                      - Resource = "*"
                      - Sid      = "EcrAuth"
                    },
                  - {
                      - Action   = [
                          - "ecr:BatchCheckLayerAvailability",
                          - "ecr:CompleteLayerUpload",
                          - "ecr:InitiateLayerUpload",
                          - "ecr:PutImage",
                          - "ecr:UploadLayerPart",
                          - "ecr:BatchGetImage",
                          - "ecr:GetDownloadUrlForLayer",
                        ]
                      - Effect   = "Allow"
                      - Resource = "arn:aws:ecr:ap-south-1:312392183049:repository/sentellent-api"
                      - Sid      = "EcrPush"
                    },
                  - {
                      - Action   = [
                          - "s3:PutObject",
                          - "s3:DeleteObject",
                          - "s3:ListBucket",
                          - "s3:GetObject",
                        ]
                      - Effect   = "Allow"
                      - Resource = [
                          - "arn:aws:s3:::sentellent-frontend-312392183049",
                          - "arn:aws:s3:::sentellent-frontend-312392183049/*",
                        ]
                      - Sid      = "PublishFrontend"
                    },
                  - {
                      - Action   = [
                          - "cloudfront:CreateInvalidation",
                          - "cloudfront:GetInvalidation",
                        ]
                      - Effect   = "Allow"
                      - Resource = "*"
                      - Sid      = "InvalidateCache"
                    },
                  - {
                      - Action   = [
                          - "ssm:SendCommand",
                        ]
                      - Effect   = "Allow"
                      - Resource = [
                          - "arn:aws:ec2:ap-south-1:312392183049:instance/i-057eefbef28571559",
                          - "arn:aws:ssm:ap-south-1::document/AWS-RunShellScript",
                        ]
                      - Sid      = "TriggerDeploy"
                    },
                  - {
                      - Action   = [
                          - "ssm:GetCommandInvocation",
                          - "ssm:ListCommandInvocations",
                        ]
                      - Effect   = "Allow"
                      - Resource = "*"
                      - Sid      = "WatchDeploy"
                    },
                ]
              - Version   = "2012-10-17"
            }
        ) -> (known after apply)
        # (2 unchanged attributes hidden)
    }

  # aws_instance.app must be replaced
-/+ resource "aws_instance" "app" {
      ~ arn                                  = "arn:aws:ec2:ap-south-1:312392183049:instance/i-057eefbef28571559" -> (known after apply)
      ~ associate_public_ip_address          = true -> (known after apply)
      ~ availability_zone                    = "ap-south-1a" -> (known after apply)
      ~ cpu_core_count                       = 1 -> (known after apply)
      ~ cpu_threads_per_core                 = 2 -> (known after apply)
      ~ disable_api_stop                     = false -> (known after apply)
      ~ disable_api_termination              = false -> (known after apply)
      ~ ebs_optimized                        = false -> (known after apply)
      + enable_primary_ipv6                  = (known after apply)
      - hibernation                          = false -> null
      + host_id                              = (known after apply)
      + host_resource_group_arn              = (known after apply)
      ~ id                                   = "i-057eefbef28571559" -> (known after apply)
      ~ instance_initiated_shutdown_behavior = "stop" -> (known after apply)
      + instance_lifecycle                   = (known after apply)
      ~ instance_state                       = "running" -> (known after apply)
      ~ ipv6_address_count                   = 0 -> (known after apply)
      ~ ipv6_addresses                       = [] -> (known after apply)
      + key_name                             = (known after apply)
      ~ monitoring                           = false -> (known after apply)
      + outpost_arn                          = (known after apply)
      + password_data                        = (known after apply)
      + placement_group                      = (known after apply)
      ~ placement_partition_number           = 0 -> (known after apply)
      ~ primary_network_interface_id         = "eni-0727393ae72002f93" -> (known after apply)
      ~ private_dns                          = "ip-10-0-1-134.ap-south-1.compute.internal" -> (known after apply)
      ~ private_ip                           = "10.0.1.134" -> (known after apply)
      ~ public_dns                           = "ec2-13-207-142-0.ap-south-1.compute.amazonaws.com" -> (known after apply)
      ~ public_ip                            = "13.207.142.0" -> (known after apply)
      ~ secondary_private_ips                = [] -> (known after apply)
      ~ security_groups                      = [] -> (known after apply)
      + spot_instance_request_id             = (known after apply)
        tags                                 = {
            "Name" = "sentellent-app"
        }
      ~ tenancy                              = "default" -> (known after apply)
      ~ user_data                            = (sensitive value) # forces replacement
      + user_data_base64                     = (known after apply)
        # (9 unchanged attributes hidden)

      ~ capacity_reservation_specification (known after apply)
      - capacity_reservation_specification {
          - capacity_reservation_preference = "open" -> null
        }

      ~ cpu_options (known after apply)
      - cpu_options {
          - core_count       = 1 -> null
          - threads_per_core = 2 -> null
            # (1 unchanged attribute hidden)
        }

      - credit_specification {
          - cpu_credits = "unlimited" -> null
        }

      ~ ebs_block_device (known after apply)

      ~ enclave_options (known after apply)
      - enclave_options {
          - enabled = false -> null
        }

      ~ ephemeral_block_device (known after apply)

      ~ instance_market_options (known after apply)

      ~ maintenance_options (known after apply)
      - maintenance_options {
          - auto_recovery = "default" -> null
        }

      ~ metadata_options {
          ~ instance_metadata_tags      = "disabled" -> (known after apply)
            # (4 unchanged attributes hidden)
        }

      ~ network_interface (known after apply)

      ~ private_dns_name_options (known after apply)
      - private_dns_name_options {
          - enable_resource_name_dns_a_record    = false -> null
          - enable_resource_name_dns_aaaa_record = false -> null
          - hostname_type                        = "ip-name" -> null
        }

      ~ root_block_device {
          ~ device_name           = "/dev/xvda" -> (known after apply)
          ~ iops                  = 3000 -> (known after apply)
          ~ kms_key_id            = "arn:aws:kms:ap-south-1:312392183049:key/7591ca6c-9cac-4ed2-a4f9-94f0d5c4b930" -> (known after apply)
          - tags                  = {} -> null
          ~ tags_all              = {
              - "ManagedBy" = "terraform"
              - "Project"   = "sentellent"
              - "Purpose"   = "sentellent-hiring-challenge"
            } -> (known after apply)
          ~ throughput            = 125 -> (known after apply)
          ~ volume_id             = "vol-0adfc58cbde2556ed" -> (known after apply)
            # (4 unchanged attributes hidden)
        }
    }

Plan: 1 to add, 4 to change, 1 to destroy.

Changes to Outputs:
  ~ github_secrets_to_set      = {
      ~ EC2_INSTANCE_ID            = "i-057eefbef28571559" -> (known after apply)
        # (5 unchanged attributes hidden)
    }
  ~ instance_id                = "i-057eefbef28571559" -> (known after apply)
  ~ ssm_session_command        = "aws ssm start-session --target i-057eefbef28571559 --region ap-south-1" -> (known after apply)
aws_instance.app: Destroying... [id=i-057eefbef28571559]
aws_iam_role_policy.app: Modifying... [id=sentellent-app-role:sentellent-app-policy]
aws_iam_role_policy.app: Modifications complete after 1s [id=sentellent-app-role:sentellent-app-policy]
aws_instance.app: Still destroying... [id=i-057eefbef28571559, 10s elapsed]
aws_instance.app: Still destroying... [id=i-057eefbef28571559, 20s elapsed]
aws_instance.app: Still destroying... [id=i-057eefbef28571559, 30s elapsed]
aws_instance.app: Still destroying... [id=i-057eefbef28571559, 40s elapsed]
aws_instance.app: Destruction complete after 40s
aws_instance.app: Creating...
aws_instance.app: Still creating... [10s elapsed]
aws_instance.app: Creation complete after 13s [id=i-09b4aab99c517aad3]
aws_eip.app: Modifying... [id=eipalloc-028b5f8e0adcd2d98]
aws_cloudwatch_metric_alarm.instance_health: Modifying... [id=sentellent-instance-unhealthy]
aws_cloudwatch_metric_alarm.instance_health: Modifications complete after 0s [id=sentellent-instance-unhealthy]
aws_eip.app: Modifications complete after 2s [id=eipalloc-028b5f8e0adcd2d98]
aws_iam_role_policy.github_actions: Modifying... [id=sentellent-github-actions:sentellent-github-actions-policy]
aws_iam_role_policy.github_actions: Modifications complete after 0s [id=sentellent-github-actions:sentellent-github-actions-policy]

Apply complete! Resources: 1 added, 4 changed, 1 destroyed.

Outputs:

application_url = "https://rnfl1abgkf.execute-api.ap-south-1.amazonaws.com"
cloudfront_distribution_id = ""
ecr_repository_url = "312392183049.dkr.ecr.ap-south-1.amazonaws.com/sentellent-api"
front_door = "api-gateway"
github_actions_role_arn = "arn:aws:iam::312392183049:role/sentellent-github-actions"
github_secrets_to_set = {
  "AWS_REGION" = "ap-south-1"
  "AWS_ROLE_ARN" = "arn:aws:iam::312392183049:role/sentellent-github-actions"
  "CLOUDFRONT_DISTRIBUTION_ID" = "none"
  "EC2_INSTANCE_ID" = "i-09b4aab99c517aad3"
  "ECR_REPOSITORY" = "312392183049.dkr.ecr.ap-south-1.amazonaws.com/sentellent-api"
  "S3_BUCKET" = "sentellent-frontend-312392183049"
}
instance_id = "i-09b4aab99c517aad3"
instance_public_ip = "13.207.142.0"
oauth_redirect_uri = "https://rnfl1abgkf.execute-api.ap-south-1.amazonaws.com/api/auth/google/callback"
s3_frontend_bucket = "sentellent-frontend-312392183049"
ssm_session_command = "aws ssm start-session --target i-09b4aab99c517aad3 --region ap-south-1"
