random_password.internal_token: Creating...
random_password.session_secret: Creating...
random_password.db: Creating...
random_password.session_secret: Creation complete after 0s [id=none]
random_password.internal_token: Creation complete after 0s [id=none]
random_password.db: Creation complete after 0s [id=none]
aws_cloudfront_function.rewrite_index: Creating...
aws_ecr_repository.api: Creating...
aws_iam_openid_connect_provider.github: Creating...
aws_sns_topic.alerts: Creating...
aws_ssm_parameter.app_env["POSTGRES_PASSWORD"]: Creating...
aws_iam_role.app: Creating...
aws_ssm_parameter.app_env["GOOGLE_CLIENT_SECRET"]: Creating...
aws_ssm_parameter.app_env["GOOGLE_API_KEY"]: Creating...
aws_vpc.main: Creating...
aws_ecr_repository.api: Creation complete after 0s [id=sentellent-api]
aws_cloudfront_origin_access_control.frontend: Creating...
aws_ssm_parameter.app_env["POSTGRES_PASSWORD"]: Creation complete after 1s [id=/sentellent/POSTGRES_PASSWORD]
aws_sns_topic.alerts: Creation complete after 1s [id=arn:aws:sns:ap-south-1:312392183049:sentellent-alerts]
aws_cloudwatch_log_group.app: Creating...
aws_ssm_parameter.app_env["DATABASE_URL"]: Creating...
aws_ssm_parameter.app_env["GOOGLE_API_KEY"]: Creation complete after 1s [id=/sentellent/GOOGLE_API_KEY]
aws_ssm_parameter.app_env["GOOGLE_CLIENT_ID"]: Creating...
aws_ssm_parameter.app_env["GOOGLE_CLIENT_SECRET"]: Creation complete after 1s [id=/sentellent/GOOGLE_CLIENT_SECRET]
aws_ssm_parameter.app_env["SESSION_SECRET"]: Creating...
aws_ssm_parameter.app_env["DATABASE_URL"]: Creation complete after 0s [id=/sentellent/DATABASE_URL]
aws_cloudwatch_log_group.app: Creation complete after 0s [id=/sentellent/app]
aws_ssm_parameter.app_env["GOOGLE_CLIENT_ID"]: Creation complete after 0s [id=/sentellent/GOOGLE_CLIENT_ID]
aws_ssm_parameter.app_env["INTERNAL_REFRESH_TOKEN"]: Creating...
aws_s3_bucket.frontend: Creating...
aws_ecr_lifecycle_policy.api: Creating...
aws_sns_topic_subscription.email: Creating...
aws_ssm_parameter.app_env["SESSION_SECRET"]: Creation complete after 0s [id=/sentellent/SESSION_SECRET]
aws_cloudwatch_metric_alarm.billing: Creating...
aws_ecr_lifecycle_policy.api: Creation complete after 0s [id=sentellent-api]
aws_ssm_parameter.app_env["INTERNAL_REFRESH_TOKEN"]: Creation complete after 0s [id=/sentellent/INTERNAL_REFRESH_TOKEN]
aws_sns_topic_subscription.email: Creation complete after 0s [id=arn:aws:sns:ap-south-1:312392183049:sentellent-alerts:1876826a-5ea0-4527-b11e-490632629b47]
aws_iam_openid_connect_provider.github: Creation complete after 1s [id=arn:aws:iam::312392183049:oidc-provider/token.actions.githubusercontent.com]
aws_iam_role.github_actions: Creating...
aws_cloudfront_origin_access_control.frontend: Creation complete after 2s [id=E3KV4G393UO9LL]
aws_iam_role.app: Creation complete after 2s [id=sentellent-app-role]
aws_iam_role_policy_attachment.ssm_core: Creating...
aws_iam_role_policy.app: Creating...
aws_iam_instance_profile.app: Creating...
aws_iam_role_policy_attachment.ssm_core: Creation complete after 1s [id=sentellent-app-role-20260731110504145500000001]
aws_iam_role.github_actions: Creation complete after 2s [id=sentellent-github-actions]
aws_s3_bucket.frontend: Creation complete after 2s [id=sentellent-frontend-312392183049]
aws_s3_bucket_public_access_block.frontend: Creating...
aws_s3_bucket_versioning.frontend: Creating...
aws_s3_bucket_server_side_encryption_configuration.frontend: Creating...
aws_iam_role_policy.app: Creation complete after 1s [id=sentellent-app-role:sentellent-app-policy]
aws_s3_bucket_public_access_block.frontend: Creation complete after 0s [id=sentellent-frontend-312392183049]
aws_s3_bucket_server_side_encryption_configuration.frontend: Creation complete after 1s [id=sentellent-frontend-312392183049]
aws_cloudfront_function.rewrite_index: Creation complete after 4s [id=sentellent-rewrite-index]
aws_s3_bucket_versioning.frontend: Creation complete after 2s [id=sentellent-frontend-312392183049]
aws_iam_instance_profile.app: Creation complete after 7s [id=sentellent-app-profile]
aws_vpc.main: Still creating... [10s elapsed]
aws_vpc.main: Creation complete after 12s [id=vpc-0e5d3f6a453d96c70]
aws_internet_gateway.main: Creating...
aws_subnet.public: Creating...
aws_security_group.app: Creating...
aws_internet_gateway.main: Creation complete after 0s [id=igw-0b16f9f0c30efaa0b]
aws_route_table.public: Creating...
aws_route_table.public: Creation complete after 1s [id=rtb-0fd88df16e3a01358]
aws_security_group.app: Creation complete after 2s [id=sg-0a570feeadcfad6ee]
aws_subnet.public: Still creating... [10s elapsed]
aws_subnet.public: Creation complete after 11s [id=subnet-0a8d4c9898d4c4562]
aws_route_table_association.public: Creating...
aws_instance.app: Creating...
aws_route_table_association.public: Creation complete after 0s [id=rtbassoc-0218a899b2c25a2a8]
aws_instance.app: Still creating... [10s elapsed]
aws_instance.app: Creation complete after 12s [id=i-0bbf72afe9d74bcf5]
aws_eip.app: Creating...
aws_cloudwatch_metric_alarm.instance_health: Creating...
aws_cloudwatch_metric_alarm.instance_health: Creation complete after 0s [id=sentellent-instance-unhealthy]
aws_eip.app: Creation complete after 2s [id=eipalloc-028b5f8e0adcd2d98]
aws_cloudfront_distribution.main: Creating...

Error: creating CloudFront Distribution: operation error CloudFront: CreateDistributionWithTags, https response error StatusCode: 403, RequestID: b73299ac-bafc-40c9-be78-ad3e46d7e06f, AccessDenied: Your account must be verified before you can add new CloudFront resources. To verify your account, please contact AWS Support (https://console.aws.amazon.com/support/home#/) and include this error message.

  with aws_cloudfront_distribution.main,
  on cdn.tf line 101, in resource "aws_cloudfront_distribution" "main":
 101: resource "aws_cloudfront_distribution" "main" {


Error: creating CloudWatch Metric Alarm (sentellent-estimated-charges): operation error CloudWatch: PutMetricAlarm, https response error StatusCode: 400, RequestID: ddc90b14-3b8f-4b14-9863-b6acc22b4cda, api error ValidationError: Invalid region ap-south-1 specified. Only us-east-1 is supported.

  with aws_cloudwatch_metric_alarm.billing,
  on monitoring.tf line 20, in resource "aws_cloudwatch_metric_alarm" "billing":
  20: resource "aws_cloudwatch_metric_alarm" "billing" {

EXIT=1
