data.tls_certificate.github: Reading...
random_password.session_secret: Refreshing state... [id=none]
random_password.db: Refreshing state... [id=none]
random_password.internal_token: Refreshing state... [id=none]
data.aws_caller_identity.current: Reading...
aws_vpc.main: Refreshing state... [id=vpc-0e5d3f6a453d96c70]
aws_ecr_repository.api: Refreshing state... [id=sentellent-api]
data.aws_ssm_parameter.al2023_ami: Reading...
aws_iam_role.app: Refreshing state... [id=sentellent-app-role]
aws_cloudwatch_log_group.app: Refreshing state... [id=/sentellent/app]
aws_sns_topic.alerts: Refreshing state... [id=arn:aws:sns:ap-south-1:312392183049:sentellent-alerts]
data.aws_availability_zones.available: Reading...
data.aws_caller_identity.current: Read complete after 0s [id=312392183049]
aws_ssm_parameter.app_env["GOOGLE_API_KEY"]: Refreshing state... [id=/sentellent/GOOGLE_API_KEY]
data.aws_ssm_parameter.al2023_ami: Read complete after 0s [id=/aws/service/ami-amazon-linux-latest/al2023-ami-kernel-default-x86_64]
aws_ssm_parameter.app_env["INTERNAL_REFRESH_TOKEN"]: Refreshing state... [id=/sentellent/INTERNAL_REFRESH_TOKEN]
data.aws_availability_zones.available: Read complete after 0s [id=ap-south-1]
aws_ssm_parameter.app_env["POSTGRES_PASSWORD"]: Refreshing state... [id=/sentellent/POSTGRES_PASSWORD]
aws_ssm_parameter.app_env["GOOGLE_CLIENT_ID"]: Refreshing state... [id=/sentellent/GOOGLE_CLIENT_ID]
aws_ssm_parameter.app_env["GOOGLE_CLIENT_SECRET"]: Refreshing state... [id=/sentellent/GOOGLE_CLIENT_SECRET]
aws_ssm_parameter.app_env["SESSION_SECRET"]: Refreshing state... [id=/sentellent/SESSION_SECRET]
aws_ssm_parameter.app_env["DATABASE_URL"]: Refreshing state... [id=/sentellent/DATABASE_URL]
aws_cloudfront_origin_access_control.frontend[0]: Refreshing state... [id=E3KV4G393UO9LL]
aws_cloudfront_function.rewrite_index[0]: Refreshing state... [id=sentellent-rewrite-index]
aws_s3_bucket.frontend: Refreshing state... [id=sentellent-frontend-312392183049]
aws_ecr_lifecycle_policy.api: Refreshing state... [id=sentellent-api]
aws_sns_topic_subscription.email: Refreshing state... [id=arn:aws:sns:ap-south-1:312392183049:sentellent-alerts:1876826a-5ea0-4527-b11e-490632629b47]
data.tls_certificate.github: Read complete after 1s [id=f14a3ee4f847b00a69e565d9b60917218c94d428]
aws_iam_openid_connect_provider.github: Refreshing state... [id=arn:aws:iam::312392183049:oidc-provider/token.actions.githubusercontent.com]
aws_internet_gateway.main: Refreshing state... [id=igw-0b16f9f0c30efaa0b]
aws_subnet.public: Refreshing state... [id=subnet-0a8d4c9898d4c4562]
aws_security_group.app: Refreshing state... [id=sg-0a570feeadcfad6ee]
aws_sns_topic.billing_alerts: Refreshing state... [id=arn:aws:sns:us-east-1:312392183049:sentellent-billing-alerts]
aws_route_table.public: Refreshing state... [id=rtb-0fd88df16e3a01358]
aws_s3_bucket_public_access_block.frontend: Refreshing state... [id=sentellent-frontend-312392183049]
aws_s3_bucket_versioning.frontend: Refreshing state... [id=sentellent-frontend-312392183049]
aws_s3_bucket_server_side_encryption_configuration.frontend: Refreshing state... [id=sentellent-frontend-312392183049]
aws_route_table_association.public: Refreshing state... [id=rtbassoc-0218a899b2c25a2a8]
aws_iam_role.github_actions: Refreshing state... [id=sentellent-github-actions]
aws_sns_topic_subscription.billing_email: Refreshing state... [id=arn:aws:sns:us-east-1:312392183049:sentellent-billing-alerts:f01a0415-fad5-4b03-b463-ac2445c3264c]
aws_cloudwatch_metric_alarm.billing: Refreshing state... [id=sentellent-estimated-charges]
aws_iam_role_policy_attachment.ssm_core: Refreshing state... [id=sentellent-app-role-20260731110504145500000001]
aws_iam_role_policy.app: Refreshing state... [id=sentellent-app-role:sentellent-app-policy]
aws_iam_instance_profile.app: Refreshing state... [id=sentellent-app-profile]
aws_instance.app: Refreshing state... [id=i-0bbf72afe9d74bcf5]
aws_eip.app: Refreshing state... [id=eipalloc-028b5f8e0adcd2d98]
aws_cloudwatch_metric_alarm.instance_health: Refreshing state... [id=sentellent-instance-unhealthy]

Terraform used the selected providers to generate the following execution
plan. Resource actions are indicated with the following symbols:
  + create
  ~ update in-place
  - destroy
-/+ destroy and then create replacement

Terraform will perform the following actions:

  # aws_apigatewayv2_api.main will be created
  + resource "aws_apigatewayv2_api" "main" {
      + api_endpoint                 = (known after apply)
      + api_key_selection_expression = "$request.header.x-api-key"
      + arn                          = (known after apply)
      + description                  = "Public HTTPS entry point for the Sentellent equity analyst"
      + disable_execute_api_endpoint = false
      + execution_arn                = (known after apply)
      + id                           = (known after apply)
      + ip_address_type              = (known after apply)
      + name                         = "sentellent-api"
      + protocol_type                = "HTTP"
      + route_selection_expression   = "$request.method $request.path"
      + tags_all                     = {
          + "ManagedBy" = "terraform"
          + "Project"   = "sentellent"
          + "Purpose"   = "sentellent-hiring-challenge"
        }
    }

  # aws_apigatewayv2_integration.app will be created
  + resource "aws_apigatewayv2_integration" "app" {
      + api_id                                    = (known after apply)
      + connection_type                           = "INTERNET"
      + id                                        = (known after apply)
      + integration_method                        = "ANY"
      + integration_response_selection_expression = (known after apply)
      + integration_type                          = "HTTP_PROXY"
      + integration_uri                           = "http://13.207.142.0/{proxy}"
      + payload_format_version                    = "1.0"
      + request_parameters                        = (known after apply)
      + timeout_milliseconds                      = 30000
    }

  # aws_apigatewayv2_route.default will be created
  + resource "aws_apigatewayv2_route" "default" {
      + api_id             = (known after apply)
      + api_key_required   = false
      + authorization_type = "NONE"
      + id                 = (known after apply)
      + route_key          = "$default"
      + target             = (known after apply)
    }

  # aws_apigatewayv2_stage.default will be created
  + resource "aws_apigatewayv2_stage" "default" {
      + api_id        = (known after apply)
      + arn           = (known after apply)
      + auto_deploy   = true
      + deployment_id = (known after apply)
      + execution_arn = (known after apply)
      + id            = (known after apply)
      + invoke_url    = (known after apply)
      + name          = "$default"
      + tags_all      = {
          + "ManagedBy" = "terraform"
          + "Project"   = "sentellent"
          + "Purpose"   = "sentellent-hiring-challenge"
        }

      + access_log_settings {
          + destination_arn = (known after apply)
          + format          = jsonencode(
                {
                  + error          = "$context.integrationErrorMessage"
                  + httpMethod     = "$context.httpMethod"
                  + path           = "$context.path"
                  + requestId      = "$context.requestId"
                  + responseLength = "$context.responseLength"
                  + responseTime   = "$context.responseLatency"
                  + status         = "$context.status"
                }
            )
        }

      + default_route_settings {
          + data_trace_enabled       = false
          + detailed_metrics_enabled = false
          + logging_level            = (known after apply)
          + throttling_burst_limit   = 100
          + throttling_rate_limit    = 50
        }
    }

  # aws_cloudfront_function.rewrite_index[0] will be destroyed
  # (because index [0] is out of range for count)
  # (moved from aws_cloudfront_function.rewrite_index)
  - resource "aws_cloudfront_function" "rewrite_index" {
      - arn                          = "arn:aws:cloudfront::312392183049:function/sentellent-rewrite-index" -> null
      - code                         = <<-EOT
            function handler(event) {
              var request = event.request;
              var uri = request.uri;
            
              if (uri.endsWith('/')) {
                request.uri = uri + 'index.html';
              } else if (!uri.includes('.')) {
                request.uri = uri + '/index.html';
              }
              return request;
            }
        EOT -> null
      - comment                      = "Map directory-style paths to their index.html object" -> null
      - etag                         = "ETVPDKIKX0DER" -> null
      - id                           = "sentellent-rewrite-index" -> null
      - key_value_store_associations = [] -> null
      - live_stage_etag              = "ETVPDKIKX0DER" -> null
      - name                         = "sentellent-rewrite-index" -> null
      - publish                      = true -> null
      - runtime                      = "cloudfront-js-2.0" -> null
      - status                       = "UNASSOCIATED" -> null
    }

  # aws_cloudfront_origin_access_control.frontend[0] will be destroyed
  # (because index [0] is out of range for count)
  # (moved from aws_cloudfront_origin_access_control.frontend)
  - resource "aws_cloudfront_origin_access_control" "frontend" {
      - arn                               = "arn:aws:cloudfront::312392183049:origin-access-control/E3KV4G393UO9LL" -> null
      - description                       = "Managed by Terraform" -> null
      - etag                              = "ETVPDKIKX0DER" -> null
      - id                                = "E3KV4G393UO9LL" -> null
      - name                              = "sentellent-oac" -> null
      - origin_access_control_origin_type = "s3" -> null
      - signing_behavior                  = "always" -> null
      - signing_protocol                  = "sigv4" -> null
    }

  # aws_cloudwatch_log_group.apigw will be created
  + resource "aws_cloudwatch_log_group" "apigw" {
      + arn               = (known after apply)
      + id                = (known after apply)
      + log_group_class   = (known after apply)
      + name              = "/sentellent/apigateway"
      + name_prefix       = (known after apply)
      + retention_in_days = 14
      + skip_destroy      = false
      + tags_all          = {
          + "ManagedBy" = "terraform"
          + "Project"   = "sentellent"
          + "Purpose"   = "sentellent-hiring-challenge"
        }
    }

  # aws_cloudwatch_metric_alarm.instance_health will be updated in-place
  ~ resource "aws_cloudwatch_metric_alarm" "instance_health" {
      ~ dimensions                            = {
          - "InstanceId" = "i-0bbf72afe9d74bcf5"
        } -> (known after apply)
        id                                    = "sentellent-instance-unhealthy"
        tags                                  = {}
        # (21 unchanged attributes hidden)
    }

  # aws_eip.app will be updated in-place
  ~ resource "aws_eip" "app" {
        id                       = "eipalloc-028b5f8e0adcd2d98"
      ~ instance                 = "i-0bbf72afe9d74bcf5" -> (known after apply)
        tags                     = {
            "Name" = "sentellent-eip"
        }
        # (17 unchanged attributes hidden)
    }

  # aws_iam_role_policy.app will be updated in-place
  ~ resource "aws_iam_role_policy" "app" {
        id          = "sentellent-app-role:sentellent-app-policy"
        name        = "sentellent-app-policy"
      ~ policy      = jsonencode(
          ~ {
              ~ Statement = [
                    # (2 unchanged elements hidden)
                    {
                        Action   = [
                            "logs:CreateLogStream",
                            "logs:PutLogEvents",
                            "logs:DescribeLogStreams",
                        ]
                        Effect   = "Allow"
                        Resource = "arn:aws:logs:ap-south-1:312392183049:log-group:/sentellent/app:*"
                        Sid      = "WriteLogs"
                    },
                  + {
                      + Action   = [
                          + "s3:GetObject",
                          + "s3:ListBucket",
                        ]
                      + Effect   = "Allow"
                      + Resource = [
                          + "arn:aws:s3:::sentellent-frontend-312392183049",
                          + "arn:aws:s3:::sentellent-frontend-312392183049/*",
                        ]
                      + Sid      = "ReadFrontendBuild"
                    },
                ]
                # (1 unchanged attribute hidden)
            }
        )
        # (2 unchanged attributes hidden)
    }

  # aws_iam_role_policy.github_actions will be created
  + resource "aws_iam_role_policy" "github_actions" {
      + id          = (known after apply)
      + name        = "sentellent-github-actions-policy"
      + name_prefix = (known after apply)
      + policy      = (known after apply)
      + role        = "sentellent-github-actions"
    }

  # aws_instance.app must be replaced
-/+ resource "aws_instance" "app" {
      ~ arn                                  = "arn:aws:ec2:ap-south-1:312392183049:instance/i-0bbf72afe9d74bcf5" -> (known after apply)
      ~ associate_public_ip_address          = true -> (known after apply)
      ~ availability_zone                    = "ap-south-1a" -> (known after apply)
      ~ cpu_core_count                       = 1 -> (known after apply)
      ~ cpu_threads_per_core                 = 2 -> (known after apply)
      ~ disable_api_stop                     = false -> (known after apply)
      ~ disable_api_termination              = false -> (known after apply)
      ~ ebs_optimized                        = false -> (known after apply)
      + enable_primary_ipv6                  = (known after apply)
      - hibernation                          = false -> null
      + host_id                              = (known after apply)
      + host_resource_group_arn              = (known after apply)
      ~ id                                   = "i-0bbf72afe9d74bcf5" -> (known after apply)
      ~ instance_initiated_shutdown_behavior = "stop" -> (known after apply)
      + instance_lifecycle                   = (known after apply)
      ~ instance_state                       = "running" -> (known after apply)
      ~ ipv6_address_count                   = 0 -> (known after apply)
      ~ ipv6_addresses                       = [] -> (known after apply)
      + key_name                             = (known after apply)
      ~ monitoring                           = false -> (known after apply)
      + outpost_arn                          = (known after apply)
      + password_data                        = (known after apply)
      + placement_group                      = (known after apply)
      ~ placement_partition_number           = 0 -> (known after apply)
      ~ primary_network_interface_id         = "eni-0c691aa967151aaa7" -> (known after apply)
      ~ private_dns                          = "ip-10-0-1-47.ap-south-1.compute.internal" -> (known after apply)
      ~ private_ip                           = "10.0.1.47" -> (known after apply)
      ~ public_dns                           = "ec2-13-207-142-0.ap-south-1.compute.amazonaws.com" -> (known after apply)
      ~ public_ip                            = "13.207.142.0" -> (known after apply)
      ~ secondary_private_ips                = [] -> (known after apply)
      ~ security_groups                      = [] -> (known after apply)
      + spot_instance_request_id             = (known after apply)
        tags                                 = {
            "Name" = "sentellent-app"
        }
      ~ tenancy                              = "default" -> (known after apply)
      # Warning: this attribute value will be marked as sensitive and will not
      # display in UI output after applying this change.
      ~ user_data                            = (sensitive value) # forces replacement
      + user_data_base64                     = (known after apply)
        # (9 unchanged attributes hidden)

      ~ capacity_reservation_specification (known after apply)
      - capacity_reservation_specification {
          - capacity_reservation_preference = "open" -> null
        }

      ~ cpu_options (known after apply)
      - cpu_options {
          - core_count       = 1 -> null
          - threads_per_core = 2 -> null
            # (1 unchanged attribute hidden)
        }

      - credit_specification {
          - cpu_credits = "unlimited" -> null
        }

      ~ ebs_block_device (known after apply)

      ~ enclave_options (known after apply)
      - enclave_options {
          - enabled = false -> null
        }

      ~ ephemeral_block_device (known after apply)

      ~ instance_market_options (known after apply)

      ~ maintenance_options (known after apply)
      - maintenance_options {
          - auto_recovery = "default" -> null
        }

      ~ metadata_options {
          ~ instance_metadata_tags      = "disabled" -> (known after apply)
            # (4 unchanged attributes hidden)
        }

      ~ network_interface (known after apply)

      ~ private_dns_name_options (known after apply)
      - private_dns_name_options {
          - enable_resource_name_dns_a_record    = false -> null
          - enable_resource_name_dns_aaaa_record = false -> null
          - hostname_type                        = "ip-name" -> null
        }

      ~ root_block_device {
          ~ device_name           = "/dev/xvda" -> (known after apply)
          ~ iops                  = 3000 -> (known after apply)
          ~ kms_key_id            = "arn:aws:kms:ap-south-1:312392183049:key/7591ca6c-9cac-4ed2-a4f9-94f0d5c4b930" -> (known after apply)
          - tags                  = {} -> null
          ~ tags_all              = {
              - "ManagedBy" = "terraform"
              - "Project"   = "sentellent"
              - "Purpose"   = "sentellent-hiring-challenge"
            } -> (known after apply)
          ~ throughput            = 125 -> (known after apply)
          ~ volume_id             = "vol-049ab4bde76fc37af" -> (known after apply)
            # (4 unchanged attributes hidden)
        }
    }

  # aws_security_group.app will be updated in-place
  ~ resource "aws_security_group" "app" {
        id                     = "sg-0a570feeadcfad6ee"
      ~ ingress                = [
          - {
              - cidr_blocks      = []
              - description      = "HTTP from CloudFront edge locations only"
              - from_port        = 80
              - ipv6_cidr_blocks = []
              - prefix_list_ids  = [
                  - "pl-9aa247f3",
                ]
              - protocol         = "tcp"
              - security_groups  = []
              - self             = false
              - to_port          = 80
            },
          + {
              + cidr_blocks      = [
                  + "0.0.0.0/0",
                ]
              + description      = "HTTP from the API Gateway integration (gated by X-Origin-Token)"
              + from_port        = 80
              + ipv6_cidr_blocks = []
              + prefix_list_ids  = []
              + protocol         = "tcp"
              + security_groups  = []
              + self             = false
              + to_port          = 80
            },
        ]
        name                   = "sentellent-app"
        tags                   = {
            "Name" = "sentellent-app-sg"
        }
        # (8 unchanged attributes hidden)
    }

  # aws_ssm_parameter.app_config["EMBEDDING_MODEL"] will be created
  + resource "aws_ssm_parameter" "app_config" {
      + arn            = (known after apply)
      + data_type      = (known after apply)
      + has_value_wo   = (known after apply)
      + id             = (known after apply)
      + insecure_value = (known after apply)
      + key_id         = (known after apply)
      + name           = "/sentellent/EMBEDDING_MODEL"
      + tags_all       = {
          + "ManagedBy" = "terraform"
          + "Project"   = "sentellent"
          + "Purpose"   = "sentellent-hiring-challenge"
        }
      + tier           = (known after apply)
      + type           = "String"
      + value          = (sensitive value)
      + version        = (known after apply)
    }

  # aws_ssm_parameter.app_config["EMBEDDING_PROVIDER"] will be created
  + resource "aws_ssm_parameter" "app_config" {
      + arn            = (known after apply)
      + data_type      = (known after apply)
      + has_value_wo   = (known after apply)
      + id             = (known after apply)
      + insecure_value = (known after apply)
      + key_id         = (known after apply)
      + name           = "/sentellent/EMBEDDING_PROVIDER"
      + tags_all       = {
          + "ManagedBy" = "terraform"
          + "Project"   = "sentellent"
          + "Purpose"   = "sentellent-hiring-challenge"
        }
      + tier           = (known after apply)
      + type           = "String"
      + value          = (sensitive value)
      + version        = (known after apply)
    }

  # aws_ssm_parameter.app_config["ENVIRONMENT"] will be created
  + resource "aws_ssm_parameter" "app_config" {
      + arn            = (known after apply)
      + data_type      = (known after apply)
      + has_value_wo   = (known after apply)
      + id             = (known after apply)
      + insecure_value = (known after apply)
      + key_id         = (known after apply)
      + name           = "/sentellent/ENVIRONMENT"
      + tags_all       = {
          + "ManagedBy" = "terraform"
          + "Project"   = "sentellent"
          + "Purpose"   = "sentellent-hiring-challenge"
        }
      + tier           = (known after apply)
      + type           = "String"
      + value          = (sensitive value)
      + version        = (known after apply)
    }

  # aws_ssm_parameter.app_config["FRONTEND_BASE_URL"] will be created
  + resource "aws_ssm_parameter" "app_config" {
      + arn            = (known after apply)
      + data_type      = (known after apply)
      + has_value_wo   = (known after apply)
      + id             = (known after apply)
      + insecure_value = (known after apply)
      + key_id         = (known after apply)
      + name           = "/sentellent/FRONTEND_BASE_URL"
      + tags_all       = {
          + "ManagedBy" = "terraform"
          + "Project"   = "sentellent"
          + "Purpose"   = "sentellent-hiring-challenge"
        }
      + tier           = (known after apply)
      + type           = "String"
      + value          = (sensitive value)
      + version        = (known after apply)
    }

  # aws_ssm_parameter.app_config["LLM_MODEL"] will be created
  + resource "aws_ssm_parameter" "app_config" {
      + arn            = (known after apply)
      + data_type      = (known after apply)
      + has_value_wo   = (known after apply)
      + id             = (known after apply)
      + insecure_value = (known after apply)
      + key_id         = (known after apply)
      + name           = "/sentellent/LLM_MODEL"
      + tags_all       = {
          + "ManagedBy" = "terraform"
          + "Project"   = "sentellent"
          + "Purpose"   = "sentellent-hiring-challenge"
        }
      + tier           = (known after apply)
      + type           = "String"
      + value          = (sensitive value)
      + version        = (known after apply)
    }

  # aws_ssm_parameter.app_config["LLM_PROVIDER"] will be created
  + resource "aws_ssm_parameter" "app_config" {
      + arn            = (known after apply)
      + data_type      = (known after apply)
      + has_value_wo   = (known after apply)
      + id             = (known after apply)
      + insecure_value = (known after apply)
      + key_id         = (known after apply)
      + name           = "/sentellent/LLM_PROVIDER"
      + tags_all       = {
          + "ManagedBy" = "terraform"
          + "Project"   = "sentellent"
          + "Purpose"   = "sentellent-hiring-challenge"
        }
      + tier           = (known after apply)
      + type           = "String"
      + value          = (sensitive value)
      + version        = (known after apply)
    }

  # aws_ssm_parameter.app_config["OAUTH_REDIRECT_URI"] will be created
  + resource "aws_ssm_parameter" "app_config" {
      + arn            = (known after apply)
      + data_type      = (known after apply)
      + has_value_wo   = (known after apply)
      + id             = (known after apply)
      + insecure_value = (known after apply)
      + key_id         = (known after apply)
      + name           = "/sentellent/OAUTH_REDIRECT_URI"
      + tags_all       = {
          + "ManagedBy" = "terraform"
          + "Project"   = "sentellent"
          + "Purpose"   = "sentellent-hiring-challenge"
        }
      + tier           = (known after apply)
      + type           = "String"
      + value          = (sensitive value)
      + version        = (known after apply)
    }

  # random_password.origin_token will be created
  + resource "random_password" "origin_token" {
      + bcrypt_hash = (sensitive value)
      + id          = (known after apply)
      + length      = 48
      + lower       = true
      + min_lower   = 0
      + min_numeric = 0
      + min_special = 0
      + min_upper   = 0
      + number      = true
      + numeric     = true
      + result      = (sensitive value)
      + special     = false
      + upper       = true
    }

Plan: 15 to add, 4 to change, 3 to destroy.

Changes to Outputs:
  + application_url            = (known after apply)
  + cloudfront_distribution_id = ""
  + front_door                 = "api-gateway"
  + github_secrets_to_set      = {
      + AWS_REGION                 = "ap-south-1"
      + AWS_ROLE_ARN               = "arn:aws:iam::312392183049:role/sentellent-github-actions"
      + CLOUDFRONT_DISTRIBUTION_ID = "none"
      + EC2_INSTANCE_ID            = (known after apply)
      + ECR_REPOSITORY             = "312392183049.dkr.ecr.ap-south-1.amazonaws.com/sentellent-api"
      + S3_BUCKET                  = "sentellent-frontend-312392183049"
    }
  ~ instance_id                = "i-0bbf72afe9d74bcf5" -> (known after apply)
  + oauth_redirect_uri         = (known after apply)
  ~ ssm_session_command        = "aws ssm start-session --target i-0bbf72afe9d74bcf5 --region ap-south-1" -> (known after apply)
aws_cloudfront_origin_access_control.frontend[0]: Destroying... [id=E3KV4G393UO9LL]
aws_cloudfront_function.rewrite_index[0]: Destroying... [id=sentellent-rewrite-index]
aws_cloudwatch_log_group.apigw: Creating...
aws_instance.app: Destroying... [id=i-0bbf72afe9d74bcf5]
aws_apigatewayv2_api.main: Creating...
aws_iam_role_policy.app: Modifying... [id=sentellent-app-role:sentellent-app-policy]
aws_cloudwatch_log_group.apigw: Creation complete after 1s [id=/sentellent/apigateway]
aws_cloudfront_origin_access_control.frontend[0]: Destruction complete after 1s
aws_iam_role_policy.app: Modifications complete after 2s [id=sentellent-app-role:sentellent-app-policy]
aws_apigatewayv2_api.main: Creation complete after 2s [id=rnfl1abgkf]
aws_apigatewayv2_stage.default: Creating...
aws_apigatewayv2_stage.default: Creation complete after 0s [id=$default]
aws_cloudfront_function.rewrite_index[0]: Destruction complete after 3s
aws_instance.app: Still destroying... [id=i-0bbf72afe9d74bcf5, 10s elapsed]
aws_instance.app: Still destroying... [id=i-0bbf72afe9d74bcf5, 20s elapsed]
aws_instance.app: Still destroying... [id=i-0bbf72afe9d74bcf5, 30s elapsed]
aws_instance.app: Still destroying... [id=i-0bbf72afe9d74bcf5, 40s elapsed]
aws_instance.app: Still destroying... [id=i-0bbf72afe9d74bcf5, 50s elapsed]
aws_instance.app: Still destroying... [id=i-0bbf72afe9d74bcf5, 1m0s elapsed]
aws_instance.app: Destruction complete after 1m1s
random_password.origin_token: Creating...
aws_security_group.app: Modifying... [id=sg-0a570feeadcfad6ee]
random_password.origin_token: Creation complete after 0s [id=none]
aws_security_group.app: Modifications complete after 1s [id=sg-0a570feeadcfad6ee]
aws_instance.app: Creating...
aws_instance.app: Still creating... [10s elapsed]
aws_instance.app: Creation complete after 12s [id=i-057eefbef28571559]
aws_eip.app: Modifying... [id=eipalloc-028b5f8e0adcd2d98]
aws_cloudwatch_metric_alarm.instance_health: Modifying... [id=sentellent-instance-unhealthy]
aws_cloudwatch_metric_alarm.instance_health: Modifications complete after 0s [id=sentellent-instance-unhealthy]
aws_eip.app: Modifications complete after 2s [id=eipalloc-028b5f8e0adcd2d98]
aws_apigatewayv2_integration.app: Creating...
aws_ssm_parameter.app_config["EMBEDDING_MODEL"]: Creating...
aws_iam_role_policy.github_actions: Creating...
aws_ssm_parameter.app_config["EMBEDDING_PROVIDER"]: Creating...
aws_ssm_parameter.app_config["FRONTEND_BASE_URL"]: Creating...
aws_ssm_parameter.app_config["LLM_MODEL"]: Creating...
aws_ssm_parameter.app_config["OAUTH_REDIRECT_URI"]: Creating...
aws_ssm_parameter.app_config["LLM_PROVIDER"]: Creating...
aws_ssm_parameter.app_config["ENVIRONMENT"]: Creating...
aws_ssm_parameter.app_config["OAUTH_REDIRECT_URI"]: Creation complete after 0s [id=/sentellent/OAUTH_REDIRECT_URI]
aws_ssm_parameter.app_config["LLM_MODEL"]: Creation complete after 0s [id=/sentellent/LLM_MODEL]
aws_ssm_parameter.app_config["FRONTEND_BASE_URL"]: Creation complete after 0s [id=/sentellent/FRONTEND_BASE_URL]
aws_ssm_parameter.app_config["ENVIRONMENT"]: Creation complete after 0s [id=/sentellent/ENVIRONMENT]
aws_ssm_parameter.app_config["EMBEDDING_PROVIDER"]: Creation complete after 0s [id=/sentellent/EMBEDDING_PROVIDER]
aws_ssm_parameter.app_config["EMBEDDING_MODEL"]: Creation complete after 0s [id=/sentellent/EMBEDDING_MODEL]
aws_ssm_parameter.app_config["LLM_PROVIDER"]: Creation complete after 0s [id=/sentellent/LLM_PROVIDER]
aws_iam_role_policy.github_actions: Creation complete after 1s [id=sentellent-github-actions:sentellent-github-actions-policy]

Error: creating API Gateway v2 Integration: operation error ApiGatewayV2: CreateIntegration, https response error StatusCode: 400, RequestID: 77ef98df-af68-4a0d-9475-74c805510c4f, BadRequestException: Invalid mapping expression specified: Validation Result: warnings : [], errors : [Operations on header x-forwarded-proto are restricted]

  with aws_apigatewayv2_integration.app,
  on apigateway.tf line 31, in resource "aws_apigatewayv2_integration" "app":
  31: resource "aws_apigatewayv2_integration" "app" {

TERRAFORM_EXIT=1
