data.tls_certificate.github: Reading...
random_password.origin_token: Refreshing state... [id=none]
random_password.db: Refreshing state... [id=none]
random_password.internal_token: Refreshing state... [id=none]
random_password.session_secret: Refreshing state... [id=none]
data.aws_availability_zones.available: Reading...
aws_cloudwatch_log_group.apigw: Refreshing state... [id=/sentellent/apigateway]
aws_iam_role.app: Refreshing state... [id=sentellent-app-role]
aws_vpc.main: Refreshing state... [id=vpc-0e5d3f6a453d96c70]
data.aws_caller_identity.current: Reading...
aws_sns_topic.alerts: Refreshing state... [id=arn:aws:sns:ap-south-1:312392183049:sentellent-alerts]
aws_apigatewayv2_api.main: Refreshing state... [id=rnfl1abgkf]
aws_db_parameter_group.main: Refreshing state... [id=sentellent-pg16]
data.aws_caller_identity.current: Read complete after 0s [id=312392183049]
aws_cloudwatch_log_group.app: Refreshing state... [id=/sentellent/app]
data.aws_availability_zones.available: Read complete after 0s [id=ap-south-1]
data.aws_ssm_parameter.al2023_ami: Reading...
aws_ecr_repository.api: Refreshing state... [id=sentellent-api]
aws_s3_bucket.frontend: Refreshing state... [id=sentellent-frontend-312392183049]
aws_sns_topic_subscription.email: Refreshing state... [id=arn:aws:sns:ap-south-1:312392183049:sentellent-alerts:1876826a-5ea0-4527-b11e-490632629b47]
aws_apigatewayv2_stage.default: Refreshing state... [id=$default]
data.aws_ssm_parameter.al2023_ami: Read complete after 0s [id=/aws/service/ami-amazon-linux-latest/al2023-ami-kernel-default-x86_64]
aws_ecr_lifecycle_policy.api: Refreshing state... [id=sentellent-api]
data.tls_certificate.github: Read complete after 1s [id=f14a3ee4f847b00a69e565d9b60917218c94d428]
aws_iam_openid_connect_provider.github: Refreshing state... [id=arn:aws:iam::312392183049:oidc-provider/token.actions.githubusercontent.com]
aws_internet_gateway.main: Refreshing state... [id=igw-0b16f9f0c30efaa0b]
aws_subnet.public: Refreshing state... [id=subnet-0a8d4c9898d4c4562]
aws_subnet.private_b: Refreshing state... [id=subnet-0e621bf35a6276437]
aws_security_group.app: Refreshing state... [id=sg-0a570feeadcfad6ee]
aws_s3_bucket_server_side_encryption_configuration.frontend: Refreshing state... [id=sentellent-frontend-312392183049]
aws_s3_bucket_versioning.frontend: Refreshing state... [id=sentellent-frontend-312392183049]
aws_s3_bucket_public_access_block.frontend: Refreshing state... [id=sentellent-frontend-312392183049]
aws_sns_topic.billing_alerts: Refreshing state... [id=arn:aws:sns:us-east-1:312392183049:sentellent-billing-alerts]
aws_route_table.public: Refreshing state... [id=rtb-0fd88df16e3a01358]
aws_security_group.db: Refreshing state... [id=sg-021c51ffdb946bbb3]
aws_route_table_association.public: Refreshing state... [id=rtbassoc-0218a899b2c25a2a8]
aws_db_subnet_group.main: Refreshing state... [id=sentellent-db]
aws_ssm_parameter.app_env["GOOGLE_CLIENT_ID"]: Refreshing state... [id=/sentellent/GOOGLE_CLIENT_ID]
aws_ssm_parameter.app_env["INTERNAL_REFRESH_TOKEN"]: Refreshing state... [id=/sentellent/INTERNAL_REFRESH_TOKEN]
aws_ssm_parameter.app_env["GOOGLE_CLIENT_SECRET"]: Refreshing state... [id=/sentellent/GOOGLE_CLIENT_SECRET]
aws_ssm_parameter.app_env["POSTGRES_PASSWORD"]: Refreshing state... [id=/sentellent/POSTGRES_PASSWORD]
aws_ssm_parameter.app_env["DATABASE_URL"]: Refreshing state... [id=/sentellent/DATABASE_URL]
aws_ssm_parameter.app_env["GOOGLE_API_KEY"]: Refreshing state... [id=/sentellent/GOOGLE_API_KEY]
aws_ssm_parameter.app_env["SESSION_SECRET"]: Refreshing state... [id=/sentellent/SESSION_SECRET]
aws_iam_role.github_actions: Refreshing state... [id=sentellent-github-actions]
aws_iam_role_policy_attachment.ssm_core: Refreshing state... [id=sentellent-app-role-20260731110504145500000001]
aws_iam_role_policy.app: Refreshing state... [id=sentellent-app-role:sentellent-app-policy]
aws_iam_instance_profile.app: Refreshing state... [id=sentellent-app-profile]
aws_sns_topic_subscription.billing_email: Refreshing state... [id=arn:aws:sns:us-east-1:312392183049:sentellent-billing-alerts:f01a0415-fad5-4b03-b463-ac2445c3264c]
aws_cloudwatch_metric_alarm.billing: Refreshing state... [id=sentellent-estimated-charges]
aws_eip.app: Refreshing state... [id=eipalloc-028b5f8e0adcd2d98]
aws_cloudwatch_metric_alarm.instance_health: Refreshing state... [id=sentellent-instance-unhealthy]
aws_iam_role_policy.github_actions: Refreshing state... [id=sentellent-github-actions:sentellent-github-actions-policy]
aws_apigatewayv2_integration.app: Refreshing state... [id=oyo9akg]
aws_ssm_parameter.app_config["FRONTEND_BASE_URL"]: Refreshing state... [id=/sentellent/FRONTEND_BASE_URL]
aws_ssm_parameter.app_config["EMBEDDING_MODEL"]: Refreshing state... [id=/sentellent/EMBEDDING_MODEL]
aws_ssm_parameter.app_config["LLM_MODEL"]: Refreshing state... [id=/sentellent/LLM_MODEL]
aws_ssm_parameter.app_config["ENVIRONMENT"]: Refreshing state... [id=/sentellent/ENVIRONMENT]
aws_ssm_parameter.app_config["OAUTH_REDIRECT_URI"]: Refreshing state... [id=/sentellent/OAUTH_REDIRECT_URI]
aws_ssm_parameter.app_config["LLM_PROVIDER"]: Refreshing state... [id=/sentellent/LLM_PROVIDER]
aws_ssm_parameter.app_config["EMBEDDING_PROVIDER"]: Refreshing state... [id=/sentellent/EMBEDDING_PROVIDER]
aws_apigatewayv2_route.default: Refreshing state... [id=yfx21x8]

Terraform used the selected providers to generate the following execution
plan. Resource actions are indicated with the following symbols:
  + create
  ~ update in-place

Terraform will perform the following actions:

  # aws_cloudwatch_metric_alarm.instance_health will be updated in-place
  ~ resource "aws_cloudwatch_metric_alarm" "instance_health" {
      ~ dimensions                            = {
          - "InstanceId" = "i-09b4aab99c517aad3"
        } -> (known after apply)
        id                                    = "sentellent-instance-unhealthy"
        tags                                  = {}
        # (21 unchanged attributes hidden)
    }

  # aws_db_instance.main will be created
  + resource "aws_db_instance" "main" {
      + address                               = (known after apply)
      + allocated_storage                     = 20
      + apply_immediately                     = true
      + arn                                   = (known after apply)
      + auto_minor_version_upgrade            = true
      + availability_zone                     = (known after apply)
      + backup_retention_period               = 1
      + backup_target                         = (known after apply)
      + backup_window                         = "18:00-19:00"
      + ca_cert_identifier                    = (known after apply)
      + character_set_name                    = (known after apply)
      + copy_tags_to_snapshot                 = true
      + database_insights_mode                = (known after apply)
      + db_name                               = "sentellent"
      + db_subnet_group_name                  = "sentellent-db"
      + dedicated_log_volume                  = false
      + delete_automated_backups              = true
      + deletion_protection                   = false
      + domain_fqdn                           = (known after apply)
      + endpoint                              = (known after apply)
      + engine                                = "postgres"
      + engine_lifecycle_support              = (known after apply)
      + engine_version                        = "16.14"
      + engine_version_actual                 = (known after apply)
      + hosted_zone_id                        = (known after apply)
      + id                                    = (known after apply)
      + identifier                            = "sentellent-db"
      + identifier_prefix                     = (known after apply)
      + instance_class                        = "db.t4g.micro"
      + iops                                  = (known after apply)
      + kms_key_id                            = (known after apply)
      + latest_restorable_time                = (known after apply)
      + license_model                         = (known after apply)
      + listener_endpoint                     = (known after apply)
      + maintenance_window                    = "sun:19:30-sun:20:30"
      + master_user_secret                    = (known after apply)
      + master_user_secret_kms_key_id         = (known after apply)
      + max_allocated_storage                 = 50
      + monitoring_interval                   = 0
      + monitoring_role_arn                   = (known after apply)
      + multi_az                              = false
      + nchar_character_set_name              = (known after apply)
      + network_type                          = (known after apply)
      + option_group_name                     = (known after apply)
      + parameter_group_name                  = "sentellent-pg16"
      + password                              = (sensitive value)
      + performance_insights_enabled          = false
      + performance_insights_kms_key_id       = (known after apply)
      + performance_insights_retention_period = (known after apply)
      + port                                  = 5432
      + publicly_accessible                   = false
      + replica_mode                          = (known after apply)
      + replicas                              = (known after apply)
      + resource_id                           = (known after apply)
      + skip_final_snapshot                   = true
      + snapshot_identifier                   = (known after apply)
      + status                                = (known after apply)
      + storage_encrypted                     = true
      + storage_throughput                    = (known after apply)
      + storage_type                          = "gp3"
      + tags                                  = {
          + "Name" = "sentellent-db"
        }
      + tags_all                              = {
          + "ManagedBy" = "terraform"
          + "Name"      = "sentellent-db"
          + "Project"   = "sentellent"
          + "Purpose"   = "sentellent-hiring-challenge"
        }
      + timezone                              = (known after apply)
      + username                              = "sentellent"
      + vpc_security_group_ids                = [
          + "sg-021c51ffdb946bbb3",
        ]
    }

  # aws_eip.app will be updated in-place
  ~ resource "aws_eip" "app" {
        id                       = "eipalloc-028b5f8e0adcd2d98"
      + instance                 = (known after apply)
        tags                     = {
            "Name" = "sentellent-eip"
        }
        # (17 unchanged attributes hidden)
    }

  # aws_iam_role_policy.github_actions will be updated in-place
  ~ resource "aws_iam_role_policy" "github_actions" {
        id          = "sentellent-github-actions:sentellent-github-actions-policy"
        name        = "sentellent-github-actions-policy"
      ~ policy      = jsonencode(
            {
              - Statement = [
                  - {
                      - Action   = "ecr:GetAuthorizationToken"
                      - Effect   = "Allow"
                      - Resource = "*"
                      - Sid      = "EcrAuth"
                    },
                  - {
                      - Action   = [
                          - "ecr:BatchCheckLayerAvailability",
                          - "ecr:CompleteLayerUpload",
                          - "ecr:InitiateLayerUpload",
                          - "ecr:PutImage",
                          - "ecr:UploadLayerPart",
                          - "ecr:BatchGetImage",
                          - "ecr:GetDownloadUrlForLayer",
                        ]
                      - Effect   = "Allow"
                      - Resource = "arn:aws:ecr:ap-south-1:312392183049:repository/sentellent-api"
                      - Sid      = "EcrPush"
                    },
                  - {
                      - Action   = [
                          - "s3:PutObject",
                          - "s3:DeleteObject",
                          - "s3:ListBucket",
                          - "s3:GetObject",
                        ]
                      - Effect   = "Allow"
                      - Resource = [
                          - "arn:aws:s3:::sentellent-frontend-312392183049",
                          - "arn:aws:s3:::sentellent-frontend-312392183049/*",
                        ]
                      - Sid      = "PublishFrontend"
                    },
                  - {
                      - Action   = [
                          - "cloudfront:CreateInvalidation",
                          - "cloudfront:GetInvalidation",
                        ]
                      - Effect   = "Allow"
                      - Resource = "*"
                      - Sid      = "InvalidateCache"
                    },
                  - {
                      - Action   = [
                          - "ssm:SendCommand",
                        ]
                      - Effect   = "Allow"
                      - Resource = [
                          - "arn:aws:ec2:ap-south-1:312392183049:instance/i-09b4aab99c517aad3",
                          - "arn:aws:ssm:ap-south-1::document/AWS-RunShellScript",
                        ]
                      - Sid      = "TriggerDeploy"
                    },
                  - {
                      - Action   = [
                          - "ssm:GetCommandInvocation",
                          - "ssm:ListCommandInvocations",
                        ]
                      - Effect   = "Allow"
                      - Resource = "*"
                      - Sid      = "WatchDeploy"
                    },
                ]
              - Version   = "2012-10-17"
            }
        ) -> (known after apply)
        # (2 unchanged attributes hidden)
    }

  # aws_instance.app will be created
  + resource "aws_instance" "app" {
      + ami                                  = (sensitive value)
      + arn                                  = (known after apply)
      + associate_public_ip_address          = (known after apply)
      + availability_zone                    = (known after apply)
      + cpu_core_count                       = (known after apply)
      + cpu_threads_per_core                 = (known after apply)
      + disable_api_stop                     = (known after apply)
      + disable_api_termination              = (known after apply)
      + ebs_optimized                        = (known after apply)
      + enable_primary_ipv6                  = (known after apply)
      + get_password_data                    = false
      + host_id                              = (known after apply)
      + host_resource_group_arn              = (known after apply)
      + iam_instance_profile                 = "sentellent-app-profile"
      + id                                   = (known after apply)
      + instance_initiated_shutdown_behavior = (known after apply)
      + instance_lifecycle                   = (known after apply)
      + instance_state                       = (known after apply)
      + instance_type                        = "t3.micro"
      + ipv6_address_count                   = (known after apply)
      + ipv6_addresses                       = (known after apply)
      + key_name                             = (known after apply)
      + monitoring                           = (known after apply)
      + outpost_arn                          = (known after apply)
      + password_data                        = (known after apply)
      + placement_group                      = (known after apply)
      + placement_partition_number           = (known after apply)
      + primary_network_interface_id         = (known after apply)
      + private_dns                          = (known after apply)
      + private_ip                           = (known after apply)
      + public_dns                           = (known after apply)
      + public_ip                            = (known after apply)
      + secondary_private_ips                = (known after apply)
      + security_groups                      = (known after apply)
      + source_dest_check                    = true
      + spot_instance_request_id             = (known after apply)
      + subnet_id                            = "subnet-0a8d4c9898d4c4562"
      + tags                                 = {
          + "Name" = "sentellent-app"
        }
      + tags_all                             = {
          + "ManagedBy" = "terraform"
          + "Name"      = "sentellent-app"
          + "Project"   = "sentellent"
          + "Purpose"   = "sentellent-hiring-challenge"
        }
      + tenancy                              = (known after apply)
      + user_data                            = (sensitive value)
      + user_data_base64                     = (known after apply)
      + user_data_replace_on_change          = true
      + vpc_security_group_ids               = [
          + "sg-0a570feeadcfad6ee",
        ]

      + capacity_reservation_specification (known after apply)

      + cpu_options (known after apply)

      + ebs_block_device (known after apply)

      + enclave_options (known after apply)

      + ephemeral_block_device (known after apply)

      + instance_market_options (known after apply)

      + maintenance_options (known after apply)

      + metadata_options {
          + http_endpoint               = "enabled"
          + http_protocol_ipv6          = "disabled"
          + http_put_response_hop_limit = 2
          + http_tokens                 = "required"
          + instance_metadata_tags      = (known after apply)
        }

      + network_interface (known after apply)

      + private_dns_name_options (known after apply)

      + root_block_device {
          + delete_on_termination = true
          + device_name           = (known after apply)
          + encrypted             = true
          + iops                  = (known after apply)
          + kms_key_id            = (known after apply)
          + tags_all              = (known after apply)
          + throughput            = (known after apply)
          + volume_id             = (known after apply)
          + volume_size           = 20
          + volume_type           = "gp3"
        }
    }

  # aws_ssm_parameter.app_env["DATABASE_URL"] will be updated in-place
  ~ resource "aws_ssm_parameter" "app_env" {
        id              = "/sentellent/DATABASE_URL"
      + insecure_value  = (known after apply)
        name            = "/sentellent/DATABASE_URL"
        tags            = {
            "Name" = "sentellent-database_url"
        }
      ~ value           = (sensitive value)
      ~ version         = 1 -> (known after apply)
        # (8 unchanged attributes hidden)
    }

Plan: 2 to add, 4 to change, 0 to destroy.

Changes to Outputs:
  ~ github_secrets_to_set      = {
      ~ EC2_INSTANCE_ID            = "i-09b4aab99c517aad3" -> (known after apply)
        # (5 unchanged attributes hidden)
    }
  ~ instance_id                = "i-09b4aab99c517aad3" -> (known after apply)
  ~ ssm_session_command        = "aws ssm start-session --target i-09b4aab99c517aad3 --region ap-south-1" -> (known after apply)
aws_db_instance.main: Creating...
aws_db_instance.main: Still creating... [10s elapsed]
aws_db_instance.main: Still creating... [20s elapsed]
aws_db_instance.main: Still creating... [30s elapsed]
aws_db_instance.main: Still creating... [40s elapsed]
aws_db_instance.main: Still creating... [50s elapsed]
aws_db_instance.main: Still creating... [1m0s elapsed]
aws_db_instance.main: Still creating... [1m10s elapsed]
aws_db_instance.main: Still creating... [1m20s elapsed]
aws_db_instance.main: Still creating... [1m30s elapsed]
aws_db_instance.main: Still creating... [1m40s elapsed]
aws_db_instance.main: Still creating... [1m50s elapsed]
aws_db_instance.main: Still creating... [2m0s elapsed]
aws_db_instance.main: Still creating... [2m10s elapsed]
aws_db_instance.main: Still creating... [2m20s elapsed]
aws_db_instance.main: Still creating... [2m30s elapsed]
aws_db_instance.main: Still creating... [2m40s elapsed]
aws_db_instance.main: Still creating... [2m50s elapsed]
aws_db_instance.main: Still creating... [3m0s elapsed]
aws_db_instance.main: Still creating... [3m10s elapsed]
aws_db_instance.main: Still creating... [3m20s elapsed]
aws_db_instance.main: Still creating... [3m30s elapsed]
aws_db_instance.main: Still creating... [3m40s elapsed]
aws_db_instance.main: Still creating... [3m50s elapsed]
aws_db_instance.main: Still creating... [4m0s elapsed]
aws_db_instance.main: Still creating... [4m10s elapsed]
aws_db_instance.main: Still creating... [4m20s elapsed]
aws_db_instance.main: Still creating... [4m30s elapsed]
aws_db_instance.main: Still creating... [4m40s elapsed]
aws_db_instance.main: Still creating... [4m50s elapsed]
aws_db_instance.main: Still creating... [5m0s elapsed]
aws_db_instance.main: Still creating... [5m10s elapsed]
aws_db_instance.main: Still creating... [5m20s elapsed]
aws_db_instance.main: Still creating... [5m30s elapsed]
aws_db_instance.main: Still creating... [5m40s elapsed]
aws_db_instance.main: Still creating... [5m50s elapsed]
aws_db_instance.main: Still creating... [6m0s elapsed]
aws_db_instance.main: Still creating... [6m10s elapsed]
aws_db_instance.main: Still creating... [6m20s elapsed]
aws_db_instance.main: Still creating... [6m30s elapsed]
aws_db_instance.main: Still creating... [6m40s elapsed]
aws_db_instance.main: Still creating... [6m50s elapsed]
aws_db_instance.main: Still creating... [7m0s elapsed]
aws_db_instance.main: Creation complete after 7m8s [id=db-JI5PNHK33ZRJJ54O2L6RJZ2D24]
aws_ssm_parameter.app_env["DATABASE_URL"]: Modifying... [id=/sentellent/DATABASE_URL]
aws_ssm_parameter.app_env["DATABASE_URL"]: Modifications complete after 0s [id=/sentellent/DATABASE_URL]
aws_instance.app: Creating...
aws_instance.app: Still creating... [10s elapsed]
aws_instance.app: Creation complete after 13s [id=i-0e98ac7269cae19e4]
aws_eip.app: Modifying... [id=eipalloc-028b5f8e0adcd2d98]
aws_cloudwatch_metric_alarm.instance_health: Modifying... [id=sentellent-instance-unhealthy]
aws_cloudwatch_metric_alarm.instance_health: Modifications complete after 0s [id=sentellent-instance-unhealthy]
aws_eip.app: Modifications complete after 1s [id=eipalloc-028b5f8e0adcd2d98]
aws_iam_role_policy.github_actions: Modifying... [id=sentellent-github-actions:sentellent-github-actions-policy]
aws_iam_role_policy.github_actions: Modifications complete after 2s [id=sentellent-github-actions:sentellent-github-actions-policy]

Apply complete! Resources: 2 added, 4 changed, 0 destroyed.

Outputs:

application_url = "https://rnfl1abgkf.execute-api.ap-south-1.amazonaws.com"
cloudfront_distribution_id = ""
ecr_repository_url = "312392183049.dkr.ecr.ap-south-1.amazonaws.com/sentellent-api"
front_door = "api-gateway"
github_actions_role_arn = "arn:aws:iam::312392183049:role/sentellent-github-actions"
github_secrets_to_set = {
  "AWS_REGION" = "ap-south-1"
  "AWS_ROLE_ARN" = "arn:aws:iam::312392183049:role/sentellent-github-actions"
  "CLOUDFRONT_DISTRIBUTION_ID" = "none"
  "EC2_INSTANCE_ID" = "i-0e98ac7269cae19e4"
  "ECR_REPOSITORY" = "312392183049.dkr.ecr.ap-south-1.amazonaws.com/sentellent-api"
  "S3_BUCKET" = "sentellent-frontend-312392183049"
}
instance_id = "i-0e98ac7269cae19e4"
instance_public_ip = "13.207.142.0"
oauth_redirect_uri = "https://rnfl1abgkf.execute-api.ap-south-1.amazonaws.com/api/auth/google/callback"
s3_frontend_bucket = "sentellent-frontend-312392183049"
ssm_session_command = "aws ssm start-session --target i-0e98ac7269cae19e4 --region ap-south-1"
EXIT=0
